<!DOCTYPE html PUBLIC "-//W3C//DTD HTML 4.0 Transitional//EN" "http://www.w3.org/TR/REC-html40/loose.dtd">
<html><body>
<p>Foo </p>
<div class="yt-iframe-container">
<iframe src="https://www.youtube-nocookie.com/embed/qyqWGSmo9PY" allowfullscreen=""></iframe>
<br>
</div> Bar</body></html>
